test_B/s21_10.jpg
test_B/s21_6.jpg
test_B/s21_7.jpg
test_B/s21_8.jpg
test_B/s21_9.jpg
test_B/s22_10.jpg
test_B/s22_6.jpg
test_B/s22_7.jpg
test_B/s22_8.jpg
test_B/s22_9.jpg
test_B/s23_10.jpg
test_B/s23_6.jpg
test_B/s23_7.jpg
test_B/s23_8.jpg
test_B/s23_9.jpg
test_B/s24_10.jpg
test_B/s24_6.jpg
test_B/s24_7.jpg
test_B/s24_8.jpg
test_B/s24_9.jpg
test_B/s25_10.jpg
test_B/s25_6.jpg
test_B/s25_7.jpg
test_B/s25_8.jpg
test_B/s25_9.jpg
test_B/s26_10.jpg
test_B/s26_6.jpg
test_B/s26_7.jpg
test_B/s26_8.jpg
test_B/s26_9.jpg
test_B/s27_10.jpg
test_B/s27_6.jpg
test_B/s27_7.jpg
test_B/s27_8.jpg
test_B/s27_9.jpg
test_B/s28_10.jpg
test_B/s28_6.jpg
test_B/s28_7.jpg
test_B/s28_8.jpg
test_B/s28_9.jpg
test_B/s29_10.jpg
test_B/s29_6.jpg
test_B/s29_7.jpg
test_B/s29_8.jpg
test_B/s29_9.jpg
test_B/s30_10.jpg
test_B/s30_6.jpg
test_B/s30_7.jpg
test_B/s30_8.jpg
test_B/s30_9.jpg
test_B/s31_10.jpg
test_B/s31_6.jpg
test_B/s31_7.jpg
test_B/s31_8.jpg
test_B/s31_9.jpg
test_B/s32_10.jpg
test_B/s32_6.jpg
test_B/s32_7.jpg
test_B/s32_8.jpg
test_B/s32_9.jpg
test_B/s33_10.jpg
test_B/s33_6.jpg
test_B/s33_7.jpg
test_B/s33_8.jpg
test_B/s33_9.jpg
test_B/s34_10.jpg
test_B/s34_6.jpg
test_B/s34_7.jpg
test_B/s34_8.jpg
test_B/s34_9.jpg
test_B/s35_10.jpg
test_B/s35_6.jpg
test_B/s35_7.jpg
test_B/s35_8.jpg
test_B/s35_9.jpg
test_B/s36_10.jpg
test_B/s36_6.jpg
test_B/s36_7.jpg
test_B/s36_8.jpg
test_B/s36_9.jpg
test_B/s37_10.jpg
test_B/s37_6.jpg
test_B/s37_7.jpg
test_B/s37_8.jpg
test_B/s37_9.jpg
test_B/s38_10.jpg
test_B/s38_6.jpg
test_B/s38_7.jpg
test_B/s38_8.jpg
test_B/s38_9.jpg
test_B/s39_10.jpg
test_B/s39_6.jpg
test_B/s39_7.jpg
test_B/s39_8.jpg
test_B/s39_9.jpg
test_B/s40_10.jpg
test_B/s40_6.jpg
test_B/s40_7.jpg
test_B/s40_8.jpg
test_B/s40_9.jpg
