test_A/s10_10.jpg
test_A/s10_6.jpg
test_A/s10_7.jpg
test_A/s10_8.jpg
test_A/s10_9.jpg
test_A/s11_10.jpg
test_A/s11_6.jpg
test_A/s11_7.jpg
test_A/s11_8.jpg
test_A/s11_9.jpg
test_A/s12_10.jpg
test_A/s12_6.jpg
test_A/s12_7.jpg
test_A/s12_8.jpg
test_A/s12_9.jpg
test_A/s13_10.jpg
test_A/s13_6.jpg
test_A/s13_7.jpg
test_A/s13_8.jpg
test_A/s13_9.jpg
test_A/s14_10.jpg
test_A/s14_6.jpg
test_A/s14_7.jpg
test_A/s14_8.jpg
test_A/s14_9.jpg
test_A/s15_10.jpg
test_A/s15_6.jpg
test_A/s15_7.jpg
test_A/s15_8.jpg
test_A/s15_9.jpg
test_A/s16_10.jpg
test_A/s16_6.jpg
test_A/s16_7.jpg
test_A/s16_8.jpg
test_A/s16_9.jpg
test_A/s17_10.jpg
test_A/s17_6.jpg
test_A/s17_7.jpg
test_A/s17_8.jpg
test_A/s17_9.jpg
test_A/s18_10.jpg
test_A/s18_6.jpg
test_A/s18_7.jpg
test_A/s18_8.jpg
test_A/s18_9.jpg
test_A/s19_10.jpg
test_A/s19_6.jpg
test_A/s19_7.jpg
test_A/s19_8.jpg
test_A/s19_9.jpg
test_A/s1_10.jpg
test_A/s1_6.jpg
test_A/s1_7.jpg
test_A/s1_8.jpg
test_A/s1_9.jpg
test_A/s20_10.jpg
test_A/s20_6.jpg
test_A/s20_7.jpg
test_A/s20_8.jpg
test_A/s20_9.jpg
test_A/s2_10.jpg
test_A/s2_6.jpg
test_A/s2_7.jpg
test_A/s2_8.jpg
test_A/s2_9.jpg
test_A/s3_10.jpg
test_A/s3_6.jpg
test_A/s3_7.jpg
test_A/s3_8.jpg
test_A/s3_9.jpg
test_A/s4_10.jpg
test_A/s4_6.jpg
test_A/s4_7.jpg
test_A/s4_8.jpg
test_A/s4_9.jpg
test_A/s5_10.jpg
test_A/s5_6.jpg
test_A/s5_7.jpg
test_A/s5_8.jpg
test_A/s5_9.jpg
test_A/s6_10.jpg
test_A/s6_6.jpg
test_A/s6_7.jpg
test_A/s6_8.jpg
test_A/s6_9.jpg
test_A/s7_10.jpg
test_A/s7_6.jpg
test_A/s7_7.jpg
test_A/s7_8.jpg
test_A/s7_9.jpg
test_A/s8_10.jpg
test_A/s8_6.jpg
test_A/s8_7.jpg
test_A/s8_8.jpg
test_A/s8_9.jpg
test_A/s9_10.jpg
test_A/s9_6.jpg
test_A/s9_7.jpg
test_A/s9_8.jpg
test_A/s9_9.jpg
