train_B/s21_1.jpg
train_B/s21_2.jpg
train_B/s21_3.jpg
train_B/s21_4.jpg
train_B/s21_5.jpg
train_B/s22_1.jpg
train_B/s22_2.jpg
train_B/s22_3.jpg
train_B/s22_4.jpg
train_B/s22_5.jpg
train_B/s23_1.jpg
train_B/s23_2.jpg
train_B/s23_3.jpg
train_B/s23_4.jpg
train_B/s23_5.jpg
train_B/s24_1.jpg
train_B/s24_2.jpg
train_B/s24_3.jpg
train_B/s24_4.jpg
train_B/s24_5.jpg
train_B/s25_1.jpg
train_B/s25_2.jpg
train_B/s25_3.jpg
train_B/s25_4.jpg
train_B/s25_5.jpg
train_B/s26_1.jpg
train_B/s26_2.jpg
train_B/s26_3.jpg
train_B/s26_4.jpg
train_B/s26_5.jpg
train_B/s27_1.jpg
train_B/s27_2.jpg
train_B/s27_3.jpg
train_B/s27_4.jpg
train_B/s27_5.jpg
train_B/s28_1.jpg
train_B/s28_2.jpg
train_B/s28_3.jpg
train_B/s28_4.jpg
train_B/s28_5.jpg
train_B/s29_1.jpg
train_B/s29_2.jpg
train_B/s29_3.jpg
train_B/s29_4.jpg
train_B/s29_5.jpg
train_B/s30_1.jpg
train_B/s30_2.jpg
train_B/s30_3.jpg
train_B/s30_4.jpg
train_B/s30_5.jpg
train_B/s31_1.jpg
train_B/s31_2.jpg
train_B/s31_3.jpg
train_B/s31_4.jpg
train_B/s31_5.jpg
train_B/s32_1.jpg
train_B/s32_2.jpg
train_B/s32_3.jpg
train_B/s32_4.jpg
train_B/s32_5.jpg
train_B/s33_1.jpg
train_B/s33_2.jpg
train_B/s33_3.jpg
train_B/s33_4.jpg
train_B/s33_5.jpg
train_B/s34_1.jpg
train_B/s34_2.jpg
train_B/s34_3.jpg
train_B/s34_4.jpg
train_B/s34_5.jpg
train_B/s35_1.jpg
train_B/s35_2.jpg
train_B/s35_3.jpg
train_B/s35_4.jpg
train_B/s35_5.jpg
train_B/s36_1.jpg
train_B/s36_2.jpg
train_B/s36_3.jpg
train_B/s36_4.jpg
train_B/s36_5.jpg
train_B/s37_1.jpg
train_B/s37_2.jpg
train_B/s37_3.jpg
train_B/s37_4.jpg
train_B/s37_5.jpg
train_B/s38_1.jpg
train_B/s38_2.jpg
train_B/s38_3.jpg
train_B/s38_4.jpg
train_B/s38_5.jpg
train_B/s39_1.jpg
train_B/s39_2.jpg
train_B/s39_3.jpg
train_B/s39_4.jpg
train_B/s39_5.jpg
train_B/s40_1.jpg
train_B/s40_2.jpg
train_B/s40_3.jpg
train_B/s40_4.jpg
train_B/s40_5.jpg
