train_A/s10_1.jpg
train_A/s10_2.jpg
train_A/s10_3.jpg
train_A/s10_4.jpg
train_A/s10_5.jpg
train_A/s11_1.jpg
train_A/s11_2.jpg
train_A/s11_3.jpg
train_A/s11_4.jpg
train_A/s11_5.jpg
train_A/s12_1.jpg
train_A/s12_2.jpg
train_A/s12_3.jpg
train_A/s12_4.jpg
train_A/s12_5.jpg
train_A/s13_1.jpg
train_A/s13_2.jpg
train_A/s13_3.jpg
train_A/s13_4.jpg
train_A/s13_5.jpg
train_A/s14_1.jpg
train_A/s14_2.jpg
train_A/s14_3.jpg
train_A/s14_4.jpg
train_A/s14_5.jpg
train_A/s15_1.jpg
train_A/s15_2.jpg
train_A/s15_3.jpg
train_A/s15_4.jpg
train_A/s15_5.jpg
train_A/s16_1.jpg
train_A/s16_2.jpg
train_A/s16_3.jpg
train_A/s16_4.jpg
train_A/s16_5.jpg
train_A/s17_1.jpg
train_A/s17_2.jpg
train_A/s17_3.jpg
train_A/s17_4.jpg
train_A/s17_5.jpg
train_A/s18_1.jpg
train_A/s18_2.jpg
train_A/s18_3.jpg
train_A/s18_4.jpg
train_A/s18_5.jpg
train_A/s19_1.jpg
train_A/s19_2.jpg
train_A/s19_3.jpg
train_A/s19_4.jpg
train_A/s19_5.jpg
train_A/s1_1.jpg
train_A/s1_2.jpg
train_A/s1_3.jpg
train_A/s1_4.jpg
train_A/s1_5.jpg
train_A/s20_1.jpg
train_A/s20_2.jpg
train_A/s20_3.jpg
train_A/s20_4.jpg
train_A/s20_5.jpg
train_A/s2_1.jpg
train_A/s2_2.jpg
train_A/s2_3.jpg
train_A/s2_4.jpg
train_A/s2_5.jpg
train_A/s3_1.jpg
train_A/s3_2.jpg
train_A/s3_3.jpg
train_A/s3_4.jpg
train_A/s3_5.jpg
train_A/s4_1.jpg
train_A/s4_2.jpg
train_A/s4_3.jpg
train_A/s4_4.jpg
train_A/s4_5.jpg
train_A/s5_1.jpg
train_A/s5_2.jpg
train_A/s5_3.jpg
train_A/s5_4.jpg
train_A/s5_5.jpg
train_A/s6_1.jpg
train_A/s6_2.jpg
train_A/s6_3.jpg
train_A/s6_4.jpg
train_A/s6_5.jpg
train_A/s7_1.jpg
train_A/s7_2.jpg
train_A/s7_3.jpg
train_A/s7_4.jpg
train_A/s7_5.jpg
train_A/s8_1.jpg
train_A/s8_2.jpg
train_A/s8_3.jpg
train_A/s8_4.jpg
train_A/s8_5.jpg
train_A/s9_1.jpg
train_A/s9_2.jpg
train_A/s9_3.jpg
train_A/s9_4.jpg
train_A/s9_5.jpg
